[0.008s] Invoking command in '/home/samson/uart/timbot/cv/lane_detection/build/lane_detection': CMAKE_PREFIX_PATH=${CMAKE_PREFIX_PATH}:/opt/ros/humble /usr/bin/cmake --build /home/samson/uart/timbot/cv/lane_detection/build/lane_detection -- -j8 -l8
[0.042s] Invoked command in '/home/samson/uart/timbot/cv/lane_detection/build/lane_detection' returned '0': CMAKE_PREFIX_PATH=${CMAKE_PREFIX_PATH}:/opt/ros/humble /usr/bin/cmake --build /home/samson/uart/timbot/cv/lane_detection/build/lane_detection -- -j8 -l8
[0.049s] Invoking command in '/home/samson/uart/timbot/cv/lane_detection/build/lane_detection': CMAKE_PREFIX_PATH=${CMAKE_PREFIX_PATH}:/opt/ros/humble /usr/bin/cmake --install /home/samson/uart/timbot/cv/lane_detection/build/lane_detection
[0.054s] -- Install configuration: ""
[0.054s] -- Execute custom install script
[0.054s] -- Up-to-date symlink: /home/samson/uart/timbot/cv/lane_detection/install/lane_detection/share/ament_index/resource_index/package_run_dependencies/lane_detection
[0.055s] -- Up-to-date symlink: /home/samson/uart/timbot/cv/lane_detection/install/lane_detection/share/ament_index/resource_index/parent_prefix_path/lane_detection
[0.055s] -- Up-to-date symlink: /home/samson/uart/timbot/cv/lane_detection/install/lane_detection/share/lane_detection/environment/ament_prefix_path.sh
[0.055s] -- Up-to-date symlink: /home/samson/uart/timbot/cv/lane_detection/install/lane_detection/share/lane_detection/environment/ament_prefix_path.dsv
[0.055s] -- Up-to-date symlink: /home/samson/uart/timbot/cv/lane_detection/install/lane_detection/share/lane_detection/environment/path.sh
[0.055s] -- Up-to-date symlink: /home/samson/uart/timbot/cv/lane_detection/install/lane_detection/share/lane_detection/environment/path.dsv
[0.055s] -- Up-to-date symlink: /home/samson/uart/timbot/cv/lane_detection/install/lane_detection/share/lane_detection/local_setup.bash
[0.055s] -- Up-to-date symlink: /home/samson/uart/timbot/cv/lane_detection/install/lane_detection/share/lane_detection/local_setup.sh
[0.055s] -- Up-to-date symlink: /home/samson/uart/timbot/cv/lane_detection/install/lane_detection/share/lane_detection/local_setup.zsh
[0.055s] -- Up-to-date symlink: /home/samson/uart/timbot/cv/lane_detection/install/lane_detection/share/lane_detection/local_setup.dsv
[0.055s] -- Symlinking: /home/samson/uart/timbot/cv/lane_detection/install/lane_detection/share/lane_detection/package.dsv
[0.061s] -- Up-to-date symlink: /home/samson/uart/timbot/cv/lane_detection/install/lane_detection/share/ament_index/resource_index/packages/lane_detection
[0.062s] -- Up-to-date symlink: /home/samson/uart/timbot/cv/lane_detection/install/lane_detection/share/lane_detection/cmake/lane_detectionConfig.cmake
[0.062s] -- Up-to-date symlink: /home/samson/uart/timbot/cv/lane_detection/install/lane_detection/share/lane_detection/cmake/lane_detectionConfig-version.cmake
[0.062s] -- Up-to-date symlink: /home/samson/uart/timbot/cv/lane_detection/install/lane_detection/share/lane_detection/package.xml
[0.063s] Invoked command in '/home/samson/uart/timbot/cv/lane_detection/build/lane_detection' returned '0': CMAKE_PREFIX_PATH=${CMAKE_PREFIX_PATH}:/opt/ros/humble /usr/bin/cmake --install /home/samson/uart/timbot/cv/lane_detection/build/lane_detection
