-- The C compiler identification is GNU 11.4.0
-- The CXX compiler identification is GNU 11.4.0
-- Detecting C compiler ABI info
-- Detecting C compiler ABI info - done
-- Check for working C compiler: /usr/bin/cc - skipped
-- Detecting C compile features
-- Detecting C compile features - done
-- Detecting CXX compiler ABI info
-- Detecting CXX compiler ABI info - done
-- Check for working CXX compiler: /usr/bin/c++ - skipped
-- Detecting CXX compile features
-- Detecting CXX compile features - done
-- Found ament_cmake: 1.3.12 (/opt/ros/humble/share/ament_cmake/cmake)
-- Found Python3: /usr/bin/python3 (found version "3.10.12") found components: Interpreter 
-- Found rclpy: 3.3.17 (/opt/ros/humble/share/rclpy/cmake)
-- Found sensor_msgs: 4.9.0 (/opt/ros/humble/share/sensor_msgs/cmake)
-- Found rosidl_generator_c: 3.1.7 (/opt/ros/humble/share/rosidl_generator_c/cmake)
-- Found rosidl_adapter: 3.1.7 (/opt/ros/humble/share/rosidl_adapter/cmake)
-- Found rosidl_generator_cpp: 3.1.7 (/opt/ros/humble/share/rosidl_generator_cpp/cmake)
-- Using all available rosidl_typesupport_c: rosidl_typesupport_fastrtps_c;rosidl_typesupport_introspection_c
-- Using all available rosidl_typesupport_cpp: rosidl_typesupport_fastrtps_cpp;rosidl_typesupport_introspection_cpp
-- Found cv_bridge: 3.2.1 (/opt/ros/humble/share/cv_bridge/cmake)
-- Found ament_lint_auto: 0.12.14 (/opt/ros/humble/share/ament_lint_auto/cmake)
-- Added test 'cppcheck' to perform static code analysis on C / C++ code
-- Configured cppcheck include dirs: 
-- Configured cppcheck exclude dirs and/or files: 
-- Added test 'flake8' to check Python code syntax and style conventions
-- Added test 'lint_cmake' to check CMake code style
-- Added test 'pep257' to check Python code against some of the docstring style conventions in PEP 257
-- Added test 'uncrustify' to check C / C++ code style
-- Configured uncrustify additional arguments: 
-- Added test 'xmllint' to check XML markup files
-- Configuring done
-- Generating done
-- Build files have been written to: /home/samson/uart/timbot/cv/lane_detection/build/lane_detection
-- Install configuration: ""
-- Installing: /home/samson/uart/timbot/cv/lane_detection/install/lane_detection/share/ament_index/resource_index/package_run_dependencies/lane_detection
-- Installing: /home/samson/uart/timbot/cv/lane_detection/install/lane_detection/share/ament_index/resource_index/parent_prefix_path/lane_detection
-- Installing: /home/samson/uart/timbot/cv/lane_detection/install/lane_detection/share/lane_detection/environment/ament_prefix_path.sh
-- Installing: /home/samson/uart/timbot/cv/lane_detection/install/lane_detection/share/lane_detection/environment/ament_prefix_path.dsv
-- Installing: /home/samson/uart/timbot/cv/lane_detection/install/lane_detection/share/lane_detection/environment/path.sh
-- Installing: /home/samson/uart/timbot/cv/lane_detection/install/lane_detection/share/lane_detection/environment/path.dsv
-- Installing: /home/samson/uart/timbot/cv/lane_detection/install/lane_detection/share/lane_detection/local_setup.bash
-- Installing: /home/samson/uart/timbot/cv/lane_detection/install/lane_detection/share/lane_detection/local_setup.sh
-- Installing: /home/samson/uart/timbot/cv/lane_detection/install/lane_detection/share/lane_detection/local_setup.zsh
-- Installing: /home/samson/uart/timbot/cv/lane_detection/install/lane_detection/share/lane_detection/local_setup.dsv
-- Installing: /home/samson/uart/timbot/cv/lane_detection/install/lane_detection/share/lane_detection/package.dsv
-- Installing: /home/samson/uart/timbot/cv/lane_detection/install/lane_detection/share/ament_index/resource_index/packages/lane_detection
-- Installing: /home/samson/uart/timbot/cv/lane_detection/install/lane_detection/share/lane_detection/cmake/lane_detectionConfig.cmake
-- Installing: /home/samson/uart/timbot/cv/lane_detection/install/lane_detection/share/lane_detection/cmake/lane_detectionConfig-version.cmake
-- Installing: /home/samson/uart/timbot/cv/lane_detection/install/lane_detection/share/lane_detection/package.xml
