[0.007s] Invoking command in '/home/samson/uart/timbot/cv/lane_detection/build/lane_detection': /usr/bin/cmake /home/samson/uart/timbot/cv/lane_detection -DCMAKE_INSTALL_PREFIX=/home/samson/uart/timbot/cv/lane_detection/install/lane_detection
[0.162s] -- The C compiler identification is GNU 11.4.0
[0.274s] -- The CXX compiler identification is GNU 11.4.0
[0.283s] -- Detecting C compiler ABI info
[0.356s] -- Detecting C compiler ABI info - done
[0.363s] -- Check for working C compiler: /usr/bin/cc - skipped
[0.364s] -- Detecting C compile features
[0.364s] -- Detecting C compile features - done
[0.367s] -- Detecting CXX compiler ABI info
[0.434s] -- Detecting CXX compiler ABI info - done
[0.446s] -- Check for working CXX compiler: /usr/bin/c++ - skipped
[0.446s] -- Detecting CXX compile features
[0.447s] -- Detecting CXX compile features - done
[0.455s] -- Found ament_cmake: 1.3.12 (/opt/ros/humble/share/ament_cmake/cmake)
[0.579s] -- Found Python3: /usr/bin/python3 (found version "3.10.12") found components: Interpreter 
[0.663s] -- Found rclpy: 3.3.17 (/opt/ros/humble/share/rclpy/cmake)
[0.665s] -- Found sensor_msgs: 4.9.0 (/opt/ros/humble/share/sensor_msgs/cmake)
[0.698s] -- Found rosidl_generator_c: 3.1.7 (/opt/ros/humble/share/rosidl_generator_c/cmake)
[0.703s] -- Found rosidl_adapter: 3.1.7 (/opt/ros/humble/share/rosidl_adapter/cmake)
[0.714s] -- Found rosidl_generator_cpp: 3.1.7 (/opt/ros/humble/share/rosidl_generator_cpp/cmake)
[0.730s] -- Using all available rosidl_typesupport_c: rosidl_typesupport_fastrtps_c;rosidl_typesupport_introspection_c
[0.749s] -- Using all available rosidl_typesupport_cpp: rosidl_typesupport_fastrtps_cpp;rosidl_typesupport_introspection_cpp
[0.803s] -- Found cv_bridge: 3.2.1 (/opt/ros/humble/share/cv_bridge/cmake)
[0.818s] -- Found ament_lint_auto: 0.12.14 (/opt/ros/humble/share/ament_lint_auto/cmake)
[0.910s] -- Added test 'cppcheck' to perform static code analysis on C / C++ code
[0.910s] -- Configured cppcheck include dirs: 
[0.910s] -- Configured cppcheck exclude dirs and/or files: 
[0.911s] -- Added test 'flake8' to check Python code syntax and style conventions
[0.912s] -- Added test 'lint_cmake' to check CMake code style
[0.913s] -- Added test 'pep257' to check Python code against some of the docstring style conventions in PEP 257
[0.917s] -- Added test 'uncrustify' to check C / C++ code style
[0.917s] -- Configured uncrustify additional arguments: 
[0.917s] -- Added test 'xmllint' to check XML markup files
[0.918s] -- Configuring done
[0.922s] -- Generating done
[0.925s] -- Build files have been written to: /home/samson/uart/timbot/cv/lane_detection/build/lane_detection
[0.935s] Invoked command in '/home/samson/uart/timbot/cv/lane_detection/build/lane_detection' returned '0': /usr/bin/cmake /home/samson/uart/timbot/cv/lane_detection -DCMAKE_INSTALL_PREFIX=/home/samson/uart/timbot/cv/lane_detection/install/lane_detection
[0.935s] Invoking command in '/home/samson/uart/timbot/cv/lane_detection/build/lane_detection': /usr/bin/cmake --build /home/samson/uart/timbot/cv/lane_detection/build/lane_detection -- -j8 -l8
[0.968s] Invoked command in '/home/samson/uart/timbot/cv/lane_detection/build/lane_detection' returned '0': /usr/bin/cmake --build /home/samson/uart/timbot/cv/lane_detection/build/lane_detection -- -j8 -l8
[0.976s] Invoking command in '/home/samson/uart/timbot/cv/lane_detection/build/lane_detection': /usr/bin/cmake --install /home/samson/uart/timbot/cv/lane_detection/build/lane_detection
[0.980s] -- Install configuration: ""
[0.981s] -- Installing: /home/samson/uart/timbot/cv/lane_detection/install/lane_detection/share/ament_index/resource_index/package_run_dependencies/lane_detection
[0.981s] -- Installing: /home/samson/uart/timbot/cv/lane_detection/install/lane_detection/share/ament_index/resource_index/parent_prefix_path/lane_detection
[0.982s] -- Installing: /home/samson/uart/timbot/cv/lane_detection/install/lane_detection/share/lane_detection/environment/ament_prefix_path.sh
[0.982s] -- Installing: /home/samson/uart/timbot/cv/lane_detection/install/lane_detection/share/lane_detection/environment/ament_prefix_path.dsv
[0.982s] -- Installing: /home/samson/uart/timbot/cv/lane_detection/install/lane_detection/share/lane_detection/environment/path.sh
[0.982s] -- Installing: /home/samson/uart/timbot/cv/lane_detection/install/lane_detection/share/lane_detection/environment/path.dsv
[0.982s] -- Installing: /home/samson/uart/timbot/cv/lane_detection/install/lane_detection/share/lane_detection/local_setup.bash
[0.982s] -- Installing: /home/samson/uart/timbot/cv/lane_detection/install/lane_detection/share/lane_detection/local_setup.sh
[0.982s] -- Installing: /home/samson/uart/timbot/cv/lane_detection/install/lane_detection/share/lane_detection/local_setup.zsh
[0.982s] -- Installing: /home/samson/uart/timbot/cv/lane_detection/install/lane_detection/share/lane_detection/local_setup.dsv
[0.982s] -- Installing: /home/samson/uart/timbot/cv/lane_detection/install/lane_detection/share/lane_detection/package.dsv
[0.982s] -- Installing: /home/samson/uart/timbot/cv/lane_detection/install/lane_detection/share/ament_index/resource_index/packages/lane_detection
[0.983s] -- Installing: /home/samson/uart/timbot/cv/lane_detection/install/lane_detection/share/lane_detection/cmake/lane_detectionConfig.cmake
[0.983s] -- Installing: /home/samson/uart/timbot/cv/lane_detection/install/lane_detection/share/lane_detection/cmake/lane_detectionConfig-version.cmake
[0.983s] -- Installing: /home/samson/uart/timbot/cv/lane_detection/install/lane_detection/share/lane_detection/package.xml
[0.984s] Invoked command in '/home/samson/uart/timbot/cv/lane_detection/build/lane_detection' returned '0': /usr/bin/cmake --install /home/samson/uart/timbot/cv/lane_detection/build/lane_detection
