[0.219s] colcon.colcon_core.package_identification WARNING Failed to parse ROS package manifest in '.': Error(s) in package './package.xml':
Error(s):
- The generic dependency on 'std_msgs' is redundant with: build_depend, exec_depend
- The generic dependency on 'geometry_msgs' is redundant with: build_depend, exec_depend
Starting >>> lane_detection
-- Found ament_cmake: 1.3.12 (/opt/ros/humble/share/ament_cmake/cmake)
-- Found rosidl_default_generators: 1.2.0 (/opt/ros/humble/share/rosidl_default_generators/cmake)
-- Using all available rosidl_typesupport_c: rosidl_typesupport_fastrtps_c;rosidl_typesupport_introspection_c
-- Found rosidl_adapter: 3.1.7 (/opt/ros/humble/share/rosidl_adapter/cmake)
-- Using all available rosidl_typesupport_cpp: rosidl_typesupport_fastrtps_cpp;rosidl_typesupport_introspection_cpp
-- Found rclcpp: 16.0.15 (/opt/ros/humble/share/rclcpp/cmake)
-- Found rmw_implementation_cmake: 6.1.2 (/opt/ros/humble/share/rmw_implementation_cmake/cmake)
-- Found rmw_fastrtps_cpp: 6.2.8 (/opt/ros/humble/share/rmw_fastrtps_cpp/cmake)
-- Using RMW implementation 'rmw_fastrtps_cpp' as default
-- Found sensor_msgs: 4.9.0 (/opt/ros/humble/share/sensor_msgs/cmake)
-- Found tf2_ros: 0.25.16 (/opt/ros/humble/share/tf2_ros/cmake)
-- Found tf2_geometry_msgs: 0.25.16 (/opt/ros/humble/share/tf2_geometry_msgs/cmake)
-- Found eigen3_cmake_module: 0.1.1 (/opt/ros/humble/share/eigen3_cmake_module/cmake)
-- Ensuring Eigen3 include directory is part of orocos-kdl CMake target
-- Found cv_bridge: 3.2.1 (/opt/ros/humble/share/cv_bridge/cmake)
CMake Error at /opt/ros/humble/share/rosidl_adapter/cmake/rosidl_adapt_interfaces.cmake:59 (message):
  execute_process(/home/nevoa/miniconda3/bin/python3 -m rosidl_adapter
  --package-name lane_detection --arguments-file
  /home/nevoa/projects/timbot/cv/lane_detection/build/lane_detection/rosidl_adapter__arguments__lane_detection.json
  --output-dir
  /home/nevoa/projects/timbot/cv/lane_detection/build/lane_detection/rosidl_adapter/lane_detection
  --output-file
  /home/nevoa/projects/timbot/cv/lane_detection/build/lane_detection/rosidl_adapter/lane_detection.idls)
  returned error code 1:

  AttributeError processing template 'msg.idl.em'

  Traceback (most recent call last):

    File "/opt/ros/humble/local/lib/python3.10/dist-packages/rosidl_adapter/resource/__init__.py", line 51, in evaluate_template
      em.BUFFERED_OPT: True,
      ^^^^^^^^^^^^^^^

  AttributeError: module 'em' has no attribute 'BUFFERED_OPT'

  

  During handling of the above exception, another exception occurred:

  

  Traceback (most recent call last):

    File "<frozen runpy>", line 198, in _run_module_as_main
    File "<frozen runpy>", line 88, in _run_code
    File "/opt/ros/humble/local/lib/python3.10/dist-packages/rosidl_adapter/__main__.py", line 19, in <module>
      sys.exit(main())
               ~~~~^^
    File "/opt/ros/humble/local/lib/python3.10/dist-packages/rosidl_adapter/main.py", line 53, in main
      abs_idl_file = convert_to_idl(
          pathlib.Path(basepath), args.package_name,
          pathlib.Path(relative_path), output_dir)
    File "/opt/ros/humble/local/lib/python3.10/dist-packages/rosidl_adapter/__init__.py", line 19, in convert_to_idl
      return convert_msg_to_idl(
          package_dir, package_name, interface_file, output_dir / 'msg')
    File "/opt/ros/humble/local/lib/python3.10/dist-packages/rosidl_adapter/msg/__init__.py", line 39, in convert_msg_to_idl
      expand_template('msg.idl.em', data, output_file, encoding='iso-8859-1')
      ~~~~~~~~~~~~~~~^^^^^^^^^^^^^^^^^^^^^^^^^^^^^^^^^^^^^^^^^^^^^^^^^^^^^^^^
    File "/opt/ros/humble/local/lib/python3.10/dist-packages/rosidl_adapter/resource/__init__.py", line 23, in expand_template
      content = evaluate_template(template_name, data)
    File "/opt/ros/humble/local/lib/python3.10/dist-packages/rosidl_adapter/resource/__init__.py", line 69, in evaluate_template
      _interpreter.shutdown()
      ^^^^^^^^^^^^^^^^^^^^^

  AttributeError: 'NoneType' object has no attribute 'shutdown'

Call Stack (most recent call first):
  /opt/ros/humble/share/rosidl_cmake/cmake/rosidl_generate_interfaces.cmake:130 (rosidl_adapt_interfaces)
  CMakeLists.txt:19 (rosidl_generate_interfaces)


-- Configuring incomplete, errors occurred!
See also "/home/nevoa/projects/timbot/cv/lane_detection/build/lane_detection/CMakeFiles/CMakeOutput.log".
--- stderr: lane_detection
CMake Error at /opt/ros/humble/share/rosidl_adapter/cmake/rosidl_adapt_interfaces.cmake:59 (message):
  execute_process(/home/nevoa/miniconda3/bin/python3 -m rosidl_adapter
  --package-name lane_detection --arguments-file
  /home/nevoa/projects/timbot/cv/lane_detection/build/lane_detection/rosidl_adapter__arguments__lane_detection.json
  --output-dir
  /home/nevoa/projects/timbot/cv/lane_detection/build/lane_detection/rosidl_adapter/lane_detection
  --output-file
  /home/nevoa/projects/timbot/cv/lane_detection/build/lane_detection/rosidl_adapter/lane_detection.idls)
  returned error code 1:

  AttributeError processing template 'msg.idl.em'

  Traceback (most recent call last):

    File "/opt/ros/humble/local/lib/python3.10/dist-packages/rosidl_adapter/resource/__init__.py", line 51, in evaluate_template
      em.BUFFERED_OPT: True,
      ^^^^^^^^^^^^^^^

  AttributeError: module 'em' has no attribute 'BUFFERED_OPT'

  

  During handling of the above exception, another exception occurred:

  

  Traceback (most recent call last):

    File "<frozen runpy>", line 198, in _run_module_as_main
    File "<frozen runpy>", line 88, in _run_code
    File "/opt/ros/humble/local/lib/python3.10/dist-packages/rosidl_adapter/__main__.py", line 19, in <module>
      sys.exit(main())
               ~~~~^^
    File "/opt/ros/humble/local/lib/python3.10/dist-packages/rosidl_adapter/main.py", line 53, in main
      abs_idl_file = convert_to_idl(
          pathlib.Path(basepath), args.package_name,
          pathlib.Path(relative_path), output_dir)
    File "/opt/ros/humble/local/lib/python3.10/dist-packages/rosidl_adapter/__init__.py", line 19, in convert_to_idl
      return convert_msg_to_idl(
          package_dir, package_name, interface_file, output_dir / 'msg')
    File "/opt/ros/humble/local/lib/python3.10/dist-packages/rosidl_adapter/msg/__init__.py", line 39, in convert_msg_to_idl
      expand_template('msg.idl.em', data, output_file, encoding='iso-8859-1')
      ~~~~~~~~~~~~~~~^^^^^^^^^^^^^^^^^^^^^^^^^^^^^^^^^^^^^^^^^^^^^^^^^^^^^^^^
    File "/opt/ros/humble/local/lib/python3.10/dist-packages/rosidl_adapter/resource/__init__.py", line 23, in expand_template
      content = evaluate_template(template_name, data)
    File "/opt/ros/humble/local/lib/python3.10/dist-packages/rosidl_adapter/resource/__init__.py", line 69, in evaluate_template
      _interpreter.shutdown()
      ^^^^^^^^^^^^^^^^^^^^^

  AttributeError: 'NoneType' object has no attribute 'shutdown'

Call Stack (most recent call first):
  /opt/ros/humble/share/rosidl_cmake/cmake/rosidl_generate_interfaces.cmake:130 (rosidl_adapt_interfaces)
  CMakeLists.txt:19 (rosidl_generate_interfaces)


---
Failed   <<< lane_detection [3.17s, exited with code 1]

Summary: 0 packages finished [3.35s]
  1 package failed: lane_detection
  1 package had stderr output: lane_detection
